Archive member included to satisfy reference by file (symbol)

../acionamento_bsp/\libhal_bsp.a(alt_load.o)
                              ../acionamento_bsp//obj/HAL/src/crt0.o (alt_load)
../acionamento_bsp/\libhal_bsp.a(alt_main.o)
                              ../acionamento_bsp//obj/HAL/src/crt0.o (alt_main)
../acionamento_bsp/\libhal_bsp.a(alt_putstr.o)
                              obj/default/hello_world_small.o (alt_putstr)
../acionamento_bsp/\libhal_bsp.a(alt_sys_init.o)
                              ../acionamento_bsp/\libhal_bsp.a(alt_main.o) (alt_irq_init)
../acionamento_bsp/\libhal_bsp.a(alt_dcache_flush_all.o)
                              ../acionamento_bsp/\libhal_bsp.a(alt_load.o) (alt_dcache_flush_all)
../acionamento_bsp/\libhal_bsp.a(alt_icache_flush_all.o)
                              ../acionamento_bsp/\libhal_bsp.a(alt_load.o) (alt_icache_flush_all)
../acionamento_bsp/\libhal_bsp.a(altera_nios2_qsys_irq.o)
                              ../acionamento_bsp/\libhal_bsp.a(alt_sys_init.o) (altera_nios2_qsys_irq_init)
../acionamento_bsp/\libhal_bsp.a(alt_icache_flush.o)
                              ../acionamento_bsp/\libhal_bsp.a(alt_icache_flush_all.o) (alt_icache_flush)
c:/intelfpga_lite/17.0/nios2eds/bin/gnu/h-x86_64-mingw32/bin/../lib/gcc/nios2-elf/5.3.0/../../../../../H-x86_64-mingw32/nios2-elf/lib\libsmallc.a(lib_a-strlen.o)
                              ../acionamento_bsp/\libhal_bsp.a(alt_putstr.o) (strlen)

Memory Configuration

Name             Origin             Length             Attributes
reset            0x0000000000001000 0x0000000000000020
onchip_memory2_0 0x0000000000001020 0x0000000000000fe0
*default*        0x0000000000000000 0xffffffffffffffff

Linker script and memory map

LOAD ../acionamento_bsp//obj/HAL/src/crt0.o
LOAD obj/default/hello_world_small.o
LOAD c:/intelfpga_lite/17.0/nios2eds/bin/gnu/h-x86_64-mingw32/bin/../lib/gcc/nios2-elf/5.3.0/../../../../../H-x86_64-mingw32/nios2-elf/lib\libstdc++.a
LOAD c:/intelfpga_lite/17.0/nios2eds/bin/gnu/h-x86_64-mingw32/bin/../lib/gcc/nios2-elf/5.3.0/../../../../../H-x86_64-mingw32/nios2-elf/lib\libm.a
LOAD c:/intelfpga_lite/17.0/nios2eds/bin/gnu/h-x86_64-mingw32/bin/../lib/gcc/nios2-elf/5.3.0\libgcc.a
START GROUP
LOAD c:/intelfpga_lite/17.0/nios2eds/bin/gnu/h-x86_64-mingw32/bin/../lib/gcc/nios2-elf/5.3.0/../../../../../H-x86_64-mingw32/nios2-elf/lib\libsmallc.a
LOAD c:/intelfpga_lite/17.0/nios2eds/bin/gnu/h-x86_64-mingw32/bin/../lib/gcc/nios2-elf/5.3.0\libgcc.a
LOAD ../acionamento_bsp/\libhal_bsp.a
LOAD c:/intelfpga_lite/17.0/nios2eds/bin/gnu/h-x86_64-mingw32/bin/../lib/gcc/nios2-elf/5.3.0/../../../../../H-x86_64-mingw32/nios2-elf/lib\libm.a
END GROUP
LOAD c:/intelfpga_lite/17.0/nios2eds/bin/gnu/h-x86_64-mingw32/bin/../lib/gcc/nios2-elf/5.3.0\libgcc.a
                0x0000000000001000                __alt_mem_onchip_memory2_0 = 0x1000

.entry          0x0000000000001000       0x20
 *(.entry)
 .entry         0x0000000000001000       0x20 ../acionamento_bsp//obj/HAL/src/crt0.o
                0x0000000000001000                __reset
                0x000000000000101c                _exit

.exceptions     0x0000000000001020        0x0
                0x0000000000001020                PROVIDE (__ram_exceptions_start, ABSOLUTE (.))
                0x0000000000001020                . = ALIGN (0x20)
 *(.irq)
 *(.exceptions.entry.label)
 *(.exceptions.entry.user)
 *(.exceptions.entry.ecc_fatal)
 *(.exceptions.entry)
 *(.exceptions.irqtest.user)
 *(.exceptions.irqtest)
 *(.exceptions.irqhandler.user)
 *(.exceptions.irqhandler)
 *(.exceptions.irqreturn.user)
 *(.exceptions.irqreturn)
 *(.exceptions.notirq.label)
 *(.exceptions.notirq.user)
 *(.exceptions.notirq)
 *(.exceptions.soft.user)
 *(.exceptions.soft)
 *(.exceptions.unknown.user)
 *(.exceptions.unknown)
 *(.exceptions.exit.label)
 *(.exceptions.exit.user)
 *(.exceptions.exit)
 *(.exceptions)
                0x0000000000001020                PROVIDE (__ram_exceptions_end, ABSOLUTE (.))
                0x0000000000001020                PROVIDE (__flash_exceptions_start, LOADADDR (.exceptions))

.text           0x0000000000001020      0x240
                [!provide]                        PROVIDE (stext, ABSOLUTE (.))
 *(.interp)
 *(.hash)
 *(.dynsym)
 *(.dynstr)
 *(.gnu.version)
 *(.gnu.version_d)
 *(.gnu.version_r)
 *(.rel.init)
 *(.rela.init)
 *(.rel.text .rel.text.* .rel.gnu.linkonce.t.*)
 *(.rela.text .rela.text.* .rela.gnu.linkonce.t.*)
 *(.rel.fini)
 *(.rela.fini)
 *(.rel.rodata .rel.rodata.* .rel.gnu.linkonce.r.*)
 *(.rela.rodata .rela.rodata.* .rela.gnu.linkonce.r.*)
 *(.rel.data .rel.data.* .rel.gnu.linkonce.d.*)
 *(.rela.data .rela.data.* .rela.gnu.linkonce.d.*)
 *(.rel.tdata .rel.tdata.* .rel.gnu.linkonce.td.*)
 *(.rela.tdata .rela.tdata.* .rela.gnu.linkonce.td.*)
 *(.rel.tbss .rel.tbss.* .rel.gnu.linkonce.tb.*)
 *(.rela.tbss .rela.tbss.* .rela.gnu.linkonce.tb.*)
 *(.rel.ctors)
 *(.rela.ctors)
 *(.rel.dtors)
 *(.rela.dtors)
 *(.rel.got)
 *(.rela.got)
 *(.rel.sdata .rel.sdata.* .rel.gnu.linkonce.s.*)
 *(.rela.sdata .rela.sdata.* .rela.gnu.linkonce.s.*)
 *(.rel.sbss .rel.sbss.* .rel.gnu.linkonce.sb.*)
 *(.rela.sbss .rela.sbss.* .rela.gnu.linkonce.sb.*)
 *(.rel.sdata2 .rel.sdata2.* .rel.gnu.linkonce.s2.*)
 *(.rela.sdata2 .rela.sdata2.* .rela.gnu.linkonce.s2.*)
 *(.rel.sbss2 .rel.sbss2.* .rel.gnu.linkonce.sb2.*)
 *(.rela.sbss2 .rela.sbss2.* .rela.gnu.linkonce.sb2.*)
 *(.rel.bss .rel.bss.* .rel.gnu.linkonce.b.*)
 *(.rela.bss .rela.bss.* .rela.gnu.linkonce.b.*)
 *(.rel.plt)
 *(.rela.plt)
 *(.rel.dyn)
 *(.init)
 *(.plt)
 *(.text .stub .text.* .gnu.linkonce.t.*)
 .text          0x0000000000001020       0x3c ../acionamento_bsp//obj/HAL/src/crt0.o
                0x0000000000001020                _start
 .text          0x000000000000105c        0x0 obj/default/hello_world_small.o
 .text.startup  0x000000000000105c       0x30 obj/default/hello_world_small.o
                0x000000000000105c                main
 .text          0x000000000000108c       0xe0 ../acionamento_bsp/\libhal_bsp.a(alt_load.o)
                0x000000000000108c                alt_load
 .text          0x000000000000116c       0x2c ../acionamento_bsp/\libhal_bsp.a(alt_main.o)
                0x000000000000116c                alt_main
 .text          0x0000000000001198       0x38 ../acionamento_bsp/\libhal_bsp.a(alt_putstr.o)
                0x0000000000001198                alt_putstr
 .text          0x00000000000011d0       0x24 ../acionamento_bsp/\libhal_bsp.a(alt_sys_init.o)
                0x00000000000011d0                alt_irq_init
                0x00000000000011f0                alt_sys_init
 .text          0x00000000000011f4        0x4 ../acionamento_bsp/\libhal_bsp.a(alt_dcache_flush_all.o)
                0x00000000000011f4                alt_dcache_flush_all
 .text          0x00000000000011f8        0xc ../acionamento_bsp/\libhal_bsp.a(alt_icache_flush_all.o)
                0x00000000000011f8                alt_icache_flush_all
 .text          0x0000000000001204        0x8 ../acionamento_bsp/\libhal_bsp.a(altera_nios2_qsys_irq.o)
                0x0000000000001204                altera_nios2_qsys_irq_init
 .text          0x000000000000120c       0x38 ../acionamento_bsp/\libhal_bsp.a(alt_icache_flush.o)
                0x000000000000120c                alt_icache_flush
 .text          0x0000000000001244        0x0 c:/intelfpga_lite/17.0/nios2eds/bin/gnu/h-x86_64-mingw32/bin/../lib/gcc/nios2-elf/5.3.0/../../../../../H-x86_64-mingw32/nios2-elf/lib\libsmallc.a(lib_a-strlen.o)
 .text.strlen   0x0000000000001244       0x1c c:/intelfpga_lite/17.0/nios2eds/bin/gnu/h-x86_64-mingw32/bin/../lib/gcc/nios2-elf/5.3.0/../../../../../H-x86_64-mingw32/nios2-elf/lib\libsmallc.a(lib_a-strlen.o)
                0x0000000000001244                strlen
 *(.gnu.warning.*)
 *(.fini)
                [!provide]                        PROVIDE (__etext, ABSOLUTE (.))
                [!provide]                        PROVIDE (_etext, ABSOLUTE (.))
                [!provide]                        PROVIDE (etext, ABSOLUTE (.))
 *(.eh_frame_hdr)
                0x0000000000001260                . = ALIGN (0x4)
                [!provide]                        PROVIDE (__preinit_array_start, ABSOLUTE (.))
 *(.preinit_array)
                [!provide]                        PROVIDE (__preinit_array_end, ABSOLUTE (.))
                [!provide]                        PROVIDE (__init_array_start, ABSOLUTE (.))
 *(.init_array)
                [!provide]                        PROVIDE (__init_array_end, ABSOLUTE (.))
                [!provide]                        PROVIDE (__fini_array_start, ABSOLUTE (.))
 *(.fini_array)
                [!provide]                        PROVIDE (__fini_array_end, ABSOLUTE (.))
 *(.eh_frame)
 *(.gcc_except_table .gcc_except_table.*)
 *(.dynamic)
                [!provide]                        PROVIDE (__CTOR_LIST__, ABSOLUTE (.))
 *(.ctors)
 *(SORT(.ctors.*))
                [!provide]                        PROVIDE (__CTOR_END__, ABSOLUTE (.))
                [!provide]                        PROVIDE (__DTOR_LIST__, ABSOLUTE (.))
 *(.dtors)
 *(SORT(.dtors.*))
                [!provide]                        PROVIDE (__DTOR_END__, ABSOLUTE (.))
 *(.jcr)
                0x0000000000001260                . = ALIGN (0x4)

.rodata         0x0000000000001260       0x18
                0x0000000000001260                PROVIDE (__ram_rodata_start, ABSOLUTE (.))
                0x0000000000001260                . = ALIGN (0x4)
 *(.rodata .rodata.* .gnu.linkonce.r.*)
 .rodata.str1.4
                0x0000000000001260       0x18 obj/default/hello_world_small.o
                                         0x15 (size before relaxing)
 *(.rodata1)
                0x0000000000001278                . = ALIGN (0x4)
                0x0000000000001278                PROVIDE (__ram_rodata_end, ABSOLUTE (.))
                0x0000000000001260                PROVIDE (__flash_rodata_start, LOADADDR (.rodata))

.rwdata         0x0000000000001278        0x0
                0x0000000000001278                PROVIDE (__ram_rwdata_start, ABSOLUTE (.))
                0x0000000000001278                . = ALIGN (0x4)
 *(.got.plt)
 *(.got)
 *(.data1)
 *(.data .data.* .gnu.linkonce.d.*)
 .data          0x0000000000001278        0x0 ../acionamento_bsp//obj/HAL/src/crt0.o
 .data          0x0000000000001278        0x0 obj/default/hello_world_small.o
 .data          0x0000000000001278        0x0 ../acionamento_bsp/\libhal_bsp.a(alt_load.o)
 .data          0x0000000000001278        0x0 ../acionamento_bsp/\libhal_bsp.a(alt_main.o)
 .data          0x0000000000001278        0x0 ../acionamento_bsp/\libhal_bsp.a(alt_putstr.o)
 .data          0x0000000000001278        0x0 ../acionamento_bsp/\libhal_bsp.a(alt_sys_init.o)
 .data          0x0000000000001278        0x0 ../acionamento_bsp/\libhal_bsp.a(alt_dcache_flush_all.o)
 .data          0x0000000000001278        0x0 ../acionamento_bsp/\libhal_bsp.a(alt_icache_flush_all.o)
 .data          0x0000000000001278        0x0 ../acionamento_bsp/\libhal_bsp.a(altera_nios2_qsys_irq.o)
 .data          0x0000000000001278        0x0 ../acionamento_bsp/\libhal_bsp.a(alt_icache_flush.o)
 .data          0x0000000000001278        0x0 c:/intelfpga_lite/17.0/nios2eds/bin/gnu/h-x86_64-mingw32/bin/../lib/gcc/nios2-elf/5.3.0/../../../../../H-x86_64-mingw32/nios2-elf/lib\libsmallc.a(lib_a-strlen.o)
                0x0000000000009278                _gp = ABSOLUTE ((. + 0x8000))
                [!provide]                        PROVIDE (gp, _gp)
 *(.rwdata .rwdata.*)
 *(.sdata .sdata.* .gnu.linkonce.s.*)
 *(.sdata2 .sdata2.* .gnu.linkonce.s2.*)
                0x0000000000001278                . = ALIGN (0x4)
                0x0000000000001278                _edata = ABSOLUTE (.)
                [!provide]                        PROVIDE (edata, ABSOLUTE (.))
                0x0000000000001278                PROVIDE (__ram_rwdata_end, ABSOLUTE (.))
                0x0000000000001278                PROVIDE (__flash_rwdata_start, LOADADDR (.rwdata))

.bss            0x0000000000001278        0xc
                0x0000000000001278                __bss_start = ABSOLUTE (.)
                [!provide]                        PROVIDE (__sbss_start, ABSOLUTE (.))
                [!provide]                        PROVIDE (___sbss_start, ABSOLUTE (.))
 *(.dynsbss)
 *(.sbss .sbss.* .gnu.linkonce.sb.*)
 .sbss          0x0000000000001278        0xc ../acionamento_bsp/\libhal_bsp.a(alt_main.o)
                0x0000000000001278                alt_envp
                0x000000000000127c                alt_argv
                0x0000000000001280                alt_argc
 *(.sbss2 .sbss2.* .gnu.linkonce.sb2.*)
 *(.scommon)
                [!provide]                        PROVIDE (__sbss_end, ABSOLUTE (.))
                [!provide]                        PROVIDE (___sbss_end, ABSOLUTE (.))
 *(.dynbss)
 *(.bss .bss.* .gnu.linkonce.b.*)
 .bss           0x0000000000001284        0x0 ../acionamento_bsp//obj/HAL/src/crt0.o
 .bss           0x0000000000001284        0x0 obj/default/hello_world_small.o
 .bss           0x0000000000001284        0x0 ../acionamento_bsp/\libhal_bsp.a(alt_load.o)
 .bss           0x0000000000001284        0x0 ../acionamento_bsp/\libhal_bsp.a(alt_main.o)
 .bss           0x0000000000001284        0x0 ../acionamento_bsp/\libhal_bsp.a(alt_putstr.o)
 .bss           0x0000000000001284        0x0 ../acionamento_bsp/\libhal_bsp.a(alt_sys_init.o)
 .bss           0x0000000000001284        0x0 ../acionamento_bsp/\libhal_bsp.a(alt_dcache_flush_all.o)
 .bss           0x0000000000001284        0x0 ../acionamento_bsp/\libhal_bsp.a(alt_icache_flush_all.o)
 .bss           0x0000000000001284        0x0 ../acionamento_bsp/\libhal_bsp.a(altera_nios2_qsys_irq.o)
 .bss           0x0000000000001284        0x0 ../acionamento_bsp/\libhal_bsp.a(alt_icache_flush.o)
 .bss           0x0000000000001284        0x0 c:/intelfpga_lite/17.0/nios2eds/bin/gnu/h-x86_64-mingw32/bin/../lib/gcc/nios2-elf/5.3.0/../../../../../H-x86_64-mingw32/nios2-elf/lib\libsmallc.a(lib_a-strlen.o)
 *(COMMON)
                0x0000000000001284                . = ALIGN (0x4)
                0x0000000000001284                __bss_end = ABSOLUTE (.)

.onchip_memory2_0
                0x0000000000001284        0x0
                [!provide]                        PROVIDE (_alt_partition_onchip_memory2_0_start, ABSOLUTE (.))
 *(.onchip_memory2_0 .onchip_memory2_0. onchip_memory2_0.*)
                0x0000000000001284                . = ALIGN (0x4)
                [!provide]                        PROVIDE (_alt_partition_onchip_memory2_0_end, ABSOLUTE (.))
                0x0000000000001284                _end = ABSOLUTE (.)
                0x0000000000001284                end = ABSOLUTE (.)
                0x0000000000001284                __alt_stack_base = ABSOLUTE (.)
                [!provide]                        PROVIDE (_alt_partition_onchip_memory2_0_load_addr, LOADADDR (.onchip_memory2_0))

.stab
 *(.stab)

.stabstr
 *(.stabstr)

.stab.excl
 *(.stab.excl)

.stab.exclstr
 *(.stab.exclstr)

.stab.index
 *(.stab.index)

.stab.indexstr
 *(.stab.indexstr)

.comment        0x0000000000000000       0x23
 *(.comment)
 .comment       0x0000000000000000       0x23 obj/default/hello_world_small.o
                                         0x24 (size before relaxing)
 .comment       0x0000000000000023       0x24 ../acionamento_bsp/\libhal_bsp.a(alt_load.o)
 .comment       0x0000000000000023       0x24 ../acionamento_bsp/\libhal_bsp.a(alt_main.o)
 .comment       0x0000000000000023       0x24 ../acionamento_bsp/\libhal_bsp.a(alt_putstr.o)
 .comment       0x0000000000000023       0x24 ../acionamento_bsp/\libhal_bsp.a(alt_sys_init.o)
 .comment       0x0000000000000023       0x24 ../acionamento_bsp/\libhal_bsp.a(alt_dcache_flush_all.o)
 .comment       0x0000000000000023       0x24 ../acionamento_bsp/\libhal_bsp.a(alt_icache_flush_all.o)
 .comment       0x0000000000000023       0x24 ../acionamento_bsp/\libhal_bsp.a(altera_nios2_qsys_irq.o)
 .comment       0x0000000000000023       0x24 ../acionamento_bsp/\libhal_bsp.a(alt_icache_flush.o)
 .comment       0x0000000000000023       0x24 c:/intelfpga_lite/17.0/nios2eds/bin/gnu/h-x86_64-mingw32/bin/../lib/gcc/nios2-elf/5.3.0/../../../../../H-x86_64-mingw32/nios2-elf/lib\libsmallc.a(lib_a-strlen.o)

.debug
 *(.debug)

.line
 *(.line)

.debug_srcinfo
 *(.debug_srcinfo)

.debug_sfnames
 *(.debug_sfnames)

.debug_aranges  0x0000000000000000      0x168
 *(.debug_aranges)
 .debug_aranges
                0x0000000000000000       0x28 ../acionamento_bsp//obj/HAL/src/crt0.o
 .debug_aranges
                0x0000000000000028       0x20 obj/default/hello_world_small.o
 .debug_aranges
                0x0000000000000048       0x20 ../acionamento_bsp/\libhal_bsp.a(alt_load.o)
 .debug_aranges
                0x0000000000000068       0x20 ../acionamento_bsp/\libhal_bsp.a(alt_main.o)
 .debug_aranges
                0x0000000000000088       0x20 ../acionamento_bsp/\libhal_bsp.a(alt_putstr.o)
 .debug_aranges
                0x00000000000000a8       0x20 ../acionamento_bsp/\libhal_bsp.a(alt_sys_init.o)
 .debug_aranges
                0x00000000000000c8       0x20 ../acionamento_bsp/\libhal_bsp.a(alt_dcache_flush_all.o)
 .debug_aranges
                0x00000000000000e8       0x20 ../acionamento_bsp/\libhal_bsp.a(alt_icache_flush_all.o)
 .debug_aranges
                0x0000000000000108       0x20 ../acionamento_bsp/\libhal_bsp.a(altera_nios2_qsys_irq.o)
 .debug_aranges
                0x0000000000000128       0x20 ../acionamento_bsp/\libhal_bsp.a(alt_icache_flush.o)
 .debug_aranges
                0x0000000000000148       0x20 c:/intelfpga_lite/17.0/nios2eds/bin/gnu/h-x86_64-mingw32/bin/../lib/gcc/nios2-elf/5.3.0/../../../../../H-x86_64-mingw32/nios2-elf/lib\libsmallc.a(lib_a-strlen.o)

.debug_pubnames
 *(.debug_pubnames)

.debug_info     0x0000000000000000      0xa73
 *(.debug_info .gnu.linkonce.wi.*)
 .debug_info    0x0000000000000000       0x74 ../acionamento_bsp//obj/HAL/src/crt0.o
 .debug_info    0x0000000000000074       0xb5 obj/default/hello_world_small.o
 .debug_info    0x0000000000000129      0x1c9 ../acionamento_bsp/\libhal_bsp.a(alt_load.o)
 .debug_info    0x00000000000002f2      0x18f ../acionamento_bsp/\libhal_bsp.a(alt_main.o)
 .debug_info    0x0000000000000481      0x13a ../acionamento_bsp/\libhal_bsp.a(alt_putstr.o)
 .debug_info    0x00000000000005bb      0x10f ../acionamento_bsp/\libhal_bsp.a(alt_sys_init.o)
 .debug_info    0x00000000000006ca       0x92 ../acionamento_bsp/\libhal_bsp.a(alt_dcache_flush_all.o)
 .debug_info    0x000000000000075c       0xb8 ../acionamento_bsp/\libhal_bsp.a(alt_icache_flush_all.o)
 .debug_info    0x0000000000000814       0xb8 ../acionamento_bsp/\libhal_bsp.a(altera_nios2_qsys_irq.o)
 .debug_info    0x00000000000008cc       0xde ../acionamento_bsp/\libhal_bsp.a(alt_icache_flush.o)
 .debug_info    0x00000000000009aa       0xc9 c:/intelfpga_lite/17.0/nios2eds/bin/gnu/h-x86_64-mingw32/bin/../lib/gcc/nios2-elf/5.3.0/../../../../../H-x86_64-mingw32/nios2-elf/lib\libsmallc.a(lib_a-strlen.o)

.debug_abbrev   0x0000000000000000      0x647
 *(.debug_abbrev)
 .debug_abbrev  0x0000000000000000       0x12 ../acionamento_bsp//obj/HAL/src/crt0.o
 .debug_abbrev  0x0000000000000012       0x8b obj/default/hello_world_small.o
 .debug_abbrev  0x000000000000009d       0xd8 ../acionamento_bsp/\libhal_bsp.a(alt_load.o)
 .debug_abbrev  0x0000000000000175       0xf5 ../acionamento_bsp/\libhal_bsp.a(alt_main.o)
 .debug_abbrev  0x000000000000026a       0xd3 ../acionamento_bsp/\libhal_bsp.a(alt_putstr.o)
 .debug_abbrev  0x000000000000033d       0xd8 ../acionamento_bsp/\libhal_bsp.a(alt_sys_init.o)
 .debug_abbrev  0x0000000000000415       0x42 ../acionamento_bsp/\libhal_bsp.a(alt_dcache_flush_all.o)
 .debug_abbrev  0x0000000000000457       0x6f ../acionamento_bsp/\libhal_bsp.a(alt_icache_flush_all.o)
 .debug_abbrev  0x00000000000004c6       0x67 ../acionamento_bsp/\libhal_bsp.a(altera_nios2_qsys_irq.o)
 .debug_abbrev  0x000000000000052d       0x9b ../acionamento_bsp/\libhal_bsp.a(alt_icache_flush.o)
 .debug_abbrev  0x00000000000005c8       0x7f c:/intelfpga_lite/17.0/nios2eds/bin/gnu/h-x86_64-mingw32/bin/../lib/gcc/nios2-elf/5.3.0/../../../../../H-x86_64-mingw32/nios2-elf/lib\libsmallc.a(lib_a-strlen.o)

.debug_line     0x0000000000000000      0x720
 *(.debug_line)
 .debug_line    0x0000000000000000       0x6c ../acionamento_bsp//obj/HAL/src/crt0.o
 .debug_line    0x000000000000006c       0xa9 obj/default/hello_world_small.o
 .debug_line    0x0000000000000115       0xa4 ../acionamento_bsp/\libhal_bsp.a(alt_load.o)
 .debug_line    0x00000000000001b9       0xea ../acionamento_bsp/\libhal_bsp.a(alt_main.o)
 .debug_line    0x00000000000002a3       0xa0 ../acionamento_bsp/\libhal_bsp.a(alt_putstr.o)
 .debug_line    0x0000000000000343       0xbf ../acionamento_bsp/\libhal_bsp.a(alt_sys_init.o)
 .debug_line    0x0000000000000402       0x4e ../acionamento_bsp/\libhal_bsp.a(alt_dcache_flush_all.o)
 .debug_line    0x0000000000000450       0x6e ../acionamento_bsp/\libhal_bsp.a(alt_icache_flush_all.o)
 .debug_line    0x00000000000004be       0x8c ../acionamento_bsp/\libhal_bsp.a(altera_nios2_qsys_irq.o)
 .debug_line    0x000000000000054a       0x7d ../acionamento_bsp/\libhal_bsp.a(alt_icache_flush.o)
 .debug_line    0x00000000000005c7      0x159 c:/intelfpga_lite/17.0/nios2eds/bin/gnu/h-x86_64-mingw32/bin/../lib/gcc/nios2-elf/5.3.0/../../../../../H-x86_64-mingw32/nios2-elf/lib\libsmallc.a(lib_a-strlen.o)

.debug_frame    0x0000000000000000      0x190
 *(.debug_frame)
 .debug_frame   0x0000000000000000       0x28 obj/default/hello_world_small.o
 .debug_frame   0x0000000000000028       0x30 ../acionamento_bsp/\libhal_bsp.a(alt_load.o)
 .debug_frame   0x0000000000000058       0x2c ../acionamento_bsp/\libhal_bsp.a(alt_main.o)
 .debug_frame   0x0000000000000084       0x30 ../acionamento_bsp/\libhal_bsp.a(alt_putstr.o)
 .debug_frame   0x00000000000000b4       0x3c ../acionamento_bsp/\libhal_bsp.a(alt_sys_init.o)
 .debug_frame   0x00000000000000f0       0x20 ../acionamento_bsp/\libhal_bsp.a(alt_dcache_flush_all.o)
 .debug_frame   0x0000000000000110       0x20 ../acionamento_bsp/\libhal_bsp.a(alt_icache_flush_all.o)
 .debug_frame   0x0000000000000130       0x20 ../acionamento_bsp/\libhal_bsp.a(altera_nios2_qsys_irq.o)
 .debug_frame   0x0000000000000150       0x20 ../acionamento_bsp/\libhal_bsp.a(alt_icache_flush.o)
 .debug_frame   0x0000000000000170       0x20 c:/intelfpga_lite/17.0/nios2eds/bin/gnu/h-x86_64-mingw32/bin/../lib/gcc/nios2-elf/5.3.0/../../../../../H-x86_64-mingw32/nios2-elf/lib\libsmallc.a(lib_a-strlen.o)

.debug_str      0x0000000000000000      0x56a
 *(.debug_str)
 .debug_str     0x0000000000000000       0xf8 obj/default/hello_world_small.o
                                        0x124 (size before relaxing)
 .debug_str     0x00000000000000f8      0x170 ../acionamento_bsp/\libhal_bsp.a(alt_load.o)
                                        0x23f (size before relaxing)
 .debug_str     0x0000000000000268       0xb0 ../acionamento_bsp/\libhal_bsp.a(alt_main.o)
                                        0x1e1 (size before relaxing)
 .debug_str     0x0000000000000318       0x5b ../acionamento_bsp/\libhal_bsp.a(alt_putstr.o)
                                        0x18a (size before relaxing)
 .debug_str     0x0000000000000373       0x4d ../acionamento_bsp/\libhal_bsp.a(alt_sys_init.o)
                                        0x1b4 (size before relaxing)
 .debug_str     0x00000000000003c0       0x1f ../acionamento_bsp/\libhal_bsp.a(alt_dcache_flush_all.o)
                                        0x158 (size before relaxing)
 .debug_str     0x00000000000003df       0x30 ../acionamento_bsp/\libhal_bsp.a(alt_icache_flush_all.o)
                                        0x169 (size before relaxing)
 .debug_str     0x000000000000040f       0x20 ../acionamento_bsp/\libhal_bsp.a(altera_nios2_qsys_irq.o)
                                        0x188 (size before relaxing)
 .debug_str     0x000000000000042f       0x1b ../acionamento_bsp/\libhal_bsp.a(alt_icache_flush.o)
                                        0x15e (size before relaxing)
 .debug_str     0x000000000000044a      0x120 c:/intelfpga_lite/17.0/nios2eds/bin/gnu/h-x86_64-mingw32/bin/../lib/gcc/nios2-elf/5.3.0/../../../../../H-x86_64-mingw32/nios2-elf/lib\libsmallc.a(lib_a-strlen.o)
                                        0x1cb (size before relaxing)

.debug_loc      0x0000000000000000       0xc8
 *(.debug_loc)
 .debug_loc     0x0000000000000000       0x37 ../acionamento_bsp/\libhal_bsp.a(alt_putstr.o)
 .debug_loc     0x0000000000000037       0x21 ../acionamento_bsp/\libhal_bsp.a(alt_sys_init.o)
 .debug_loc     0x0000000000000058       0x52 ../acionamento_bsp/\libhal_bsp.a(alt_icache_flush.o)
 .debug_loc     0x00000000000000aa       0x1e c:/intelfpga_lite/17.0/nios2eds/bin/gnu/h-x86_64-mingw32/bin/../lib/gcc/nios2-elf/5.3.0/../../../../../H-x86_64-mingw32/nios2-elf/lib\libsmallc.a(lib_a-strlen.o)

.debug_macinfo
 *(.debug_macinfo)

.debug_weaknames
 *(.debug_weaknames)

.debug_funcnames
 *(.debug_funcnames)

.debug_typenames
 *(.debug_typenames)

.debug_varnames
 *(.debug_varnames)

.debug_alt_sim_info
                0x0000000000000000       0x20
 *(.debug_alt_sim_info)
 .debug_alt_sim_info
                0x0000000000000000       0x20 ../acionamento_bsp//obj/HAL/src/crt0.o
                0x0000000000002000                __alt_data_end = 0x2000
                0x0000000000002000                PROVIDE (__alt_stack_pointer, __alt_data_end)
                [!provide]                        PROVIDE (__alt_stack_limit, __alt_stack_base)
                [!provide]                        PROVIDE (__alt_heap_start, end)
                [!provide]                        PROVIDE (__alt_heap_limit, 0x2000)
OUTPUT(acionamento.elf elf32-littlenios2)

.debug_ranges   0x0000000000000000       0x98
 .debug_ranges  0x0000000000000000       0x20 ../acionamento_bsp//obj/HAL/src/crt0.o
 .debug_ranges  0x0000000000000020       0x10 obj/default/hello_world_small.o
 .debug_ranges  0x0000000000000030       0x48 ../acionamento_bsp/\libhal_bsp.a(alt_load.o)
 .debug_ranges  0x0000000000000078       0x10 ../acionamento_bsp/\libhal_bsp.a(alt_icache_flush.o)
 .debug_ranges  0x0000000000000088       0x10 c:/intelfpga_lite/17.0/nios2eds/bin/gnu/h-x86_64-mingw32/bin/../lib/gcc/nios2-elf/5.3.0/../../../../../H-x86_64-mingw32/nios2-elf/lib\libsmallc.a(lib_a-strlen.o)
