------------------------------------------------------------
TimeQuest Timing Analyzer Summary
------------------------------------------------------------

Type  : Slow 1200mV 85C Model Setup 'clk50to25:clk50to25|clk_out'
Slack : -4.758
TNS   : -59.915

Type  : Slow 1200mV 85C Model Setup 'clock_50MHz'
Slack : -0.498
TNS   : -0.898

Type  : Slow 1200mV 85C Model Hold 'clock_50MHz'
Slack : 0.318
TNS   : 0.000

Type  : Slow 1200mV 85C Model Hold 'clk50to25:clk50to25|clk_out'
Slack : 0.666
TNS   : 0.000

Type  : Slow 1200mV 85C Model Minimum Pulse Width 'clock_50MHz'
Slack : -3.000
TNS   : -6.978

Type  : Slow 1200mV 85C Model Minimum Pulse Width 'clk50to25:clk50to25|clk_out'
Slack : -1.285
TNS   : -39.835

Type  : Slow 1200mV 0C Model Setup 'clk50to25:clk50to25|clk_out'
Slack : -4.304
TNS   : -52.442

Type  : Slow 1200mV 0C Model Setup 'clock_50MHz'
Slack : -0.423
TNS   : -0.673

Type  : Slow 1200mV 0C Model Hold 'clock_50MHz'
Slack : 0.296
TNS   : 0.000

Type  : Slow 1200mV 0C Model Hold 'clk50to25:clk50to25|clk_out'
Slack : 0.607
TNS   : 0.000

Type  : Slow 1200mV 0C Model Minimum Pulse Width 'clock_50MHz'
Slack : -3.000
TNS   : -6.934

Type  : Slow 1200mV 0C Model Minimum Pulse Width 'clk50to25:clk50to25|clk_out'
Slack : -1.285
TNS   : -39.835

Type  : Fast 1200mV 0C Model Setup 'clk50to25:clk50to25|clk_out'
Slack : -1.571
TNS   : -13.187

Type  : Fast 1200mV 0C Model Setup 'clock_50MHz'
Slack : 0.014
TNS   : 0.000

Type  : Fast 1200mV 0C Model Hold 'clock_50MHz'
Slack : 0.126
TNS   : 0.000

Type  : Fast 1200mV 0C Model Hold 'clk50to25:clk50to25|clk_out'
Slack : 0.306
TNS   : 0.000

Type  : Fast 1200mV 0C Model Minimum Pulse Width 'clock_50MHz'
Slack : -3.000
TNS   : -5.735

Type  : Fast 1200mV 0C Model Minimum Pulse Width 'clk50to25:clk50to25|clk_out'
Slack : -1.000
TNS   : -31.000

------------------------------------------------------------
